[www.archxilla.com/index.html]
[backblue.gif]
[fade.gif]
[index.html]
[images.squarespace-cdn.com/content/62f2a61a63fd070566a92dd6/923563ad-4789-42e6-bad6-33063c0fa8af/CC-Preview-Image2acd.png]
[assets.squarespace.com/@sqs/polyfiller/1.6/legacy.js]
[assets.squarespace.com/universal/scripts-compressed/visitor-site-error-reporter-949c5a26a5ec79fe-min.en-US.js]
[use.typekit.net/ik/pknt4cjpKzF_f9zayn2Hfg6HFooo-ZqFjdWgK0Dh8qqfecSJXnX1IyvhF2jtFRZLFR4cwcIhwAIhwhZqw2S3FQjhjQqkZebhe6MKghsySe8cZWJ7f6RWK3IbMg6QJMJ7f6RPK3IbMg6YJMJ7f6RsK3IbMg64JMJ7f6RjK3IbMg6sJMHbMZW2vCGe.2]
[assets.squarespace.com/universal/scripts-compressed/extract-css-runtime-5ddc9dd918fb7eac-min.en-US.js]
[assets.squarespace.com/@sqs/polyfiller/1.6/modern.js]
[assets.squarespace.com/universal/scripts-compressed/cldr-resource-pack-22bdf933fb74be0d-min.en-US.js]
[assets.squarespace.com/universal/scripts-compressed/extract-css-moment-js-vendor-a5cfdec1ae227f33-min.en-US.js]
[assets.squarespace.com/universal/scripts-compressed/common-vendors-stable-784b947826b4c445-min.en-US.js]
[assets.squarespace.com/universal/scripts-compressed/performance-84b4b902afb478d9-min.en-US.js]
[definitions.sqspcdn.com/website-component-definition/static-assets/website.components.socialLinks/0f5f5fc2-9e98-46f5-93ab-c3d71ed3225b_582/website.components.socialLinks.styles.css]
[definitions.sqspcdn.com/website-component-definition/static-assets/website.components.imageFluid/f8e2778b-feb1-4515-9cc3-98733b7c4f28_791/website.components.imageFluid.styles.css]
[definitions.sqspcdn.com/website-component-definition/static-assets/website.components.button/f99972d9-fa37-4b45-afd1-75e20cdc065a_974/website.components.button.styles.css]
[assets.squarespace.com/universal/scripts-compressed/common-vendors-149cb9ab67a431ec-min.en-US.js]
[assets.squarespace.com/universal/scripts-compressed/common-440ca4d32d89ff30-min.en-US.js]
[definitions.sqspcdn.com/website-component-definition/static-assets/website.components.imageFluid/f8e2778b-feb1-4515-9cc3-98733b7c4f28_791/8458.js]
[definitions.sqspcdn.com/website-component-definition/static-assets/website.components.imageFluid/f8e2778b-feb1-4515-9cc3-98733b7c4f28_791/9882.js]
[definitions.sqspcdn.com/website-component-definition/static-assets/website.components.imageFluid/f8e2778b-feb1-4515-9cc3-98733b7c4f28_791/image-effect-refracted-lines.js]
[definitions.sqspcdn.com/website-component-definition/static-assets/website.components.imageFluid/f8e2778b-feb1-4515-9cc3-98733b7c4f28_791/image-effect-liquid.js]
[definitions.sqspcdn.com/website-component-definition/static-assets/website.components.imageFluid/f8e2778b-feb1-4515-9cc3-98733b7c4f28_791/website.components.imageFluid.shared.constants.js]
[definitions.sqspcdn.com/website-component-definition/static-assets/website.components.html/51f8b177-e779-41f7-a632-53f2040db8df_804/website.components.html.visitor.js]
[definitions.sqspcdn.com/website-component-definition/static-assets/website.components.imageFluid/f8e2778b-feb1-4515-9cc3-98733b7c4f28_791/6644.js]
[definitions.sqspcdn.com/website-component-definition/static-assets/website.components.socialLinks/0f5f5fc2-9e98-46f5-93ab-c3d71ed3225b_582/website.components.socialLinks.visitor.js]
[definitions.sqspcdn.com/website-component-definition/static-assets/website.components.imageFluid/f8e2778b-feb1-4515-9cc3-98733b7c4f28_791/image-effect-film-grain.js]
[definitions.sqspcdn.com/website-component-definition/static-assets/website.components.imageFluid/f8e2778b-feb1-4515-9cc3-98733b7c4f28_791/8018.js]
[definitions.sqspcdn.com/website-component-definition/static-assets/website.components.imageFluid/f8e2778b-feb1-4515-9cc3-98733b7c4f28_791/website.components.imageFluid.visitor.js]
[definitions.sqspcdn.com/website-component-definition/static-assets/website.components.imageFluid/f8e2778b-feb1-4515-9cc3-98733b7c4f28_791/image-effect-refracted-circles.js]
[definitions.sqspcdn.com/website-component-definition/static-assets/website.components.button/f99972d9-fa37-4b45-afd1-75e20cdc065a_974/website.components.button.visitor.js]
[definitions.sqspcdn.com/website-component-definition/static-assets/website.components.imageFluid/f8e2778b-feb1-4515-9cc3-98733b7c4f28_791/image-effect-parallax.js]
[definitions.sqspcdn.com/website-component-definition/static-assets/website.components.imageFluid/f8e2778b-feb1-4515-9cc3-98733b7c4f28_791/2513.js]
[static1.squarespace.com/static/versioned-site-css/62f2a61a63fd070566a92dd6/38/5c5a519771c10ba3470d8101/62f2a61a63fd070566a92df1/1811/sitece97.css]
[static1.squarespace.com/static/vta/5c5a519771c10ba3470d8101/versioned-assets/1784658820989-T86EF34M4QVPBBCSSFUN/static.css]
[images.squarespace-cdn.com/content/v1/62f2a61a63fd070566a92dd6/9ca9b709-ee2e-4bb4-8e49-c6b77863e213/ClovenCollective-Logo_Color-WEB26f7.png]
[www.archxilla.com/cart.html]
[www.archxilla.com/portfolio.html]
[www.archxilla.com/about.html]
[images.squarespace-cdn.com/content/v1/62f2a61a63fd070566a92dd6/1ead5382-5282-4119-93a2-f540712b161e/ClovenCollective-Web-Art.png]
[images.squarespace-cdn.com/content/v1/62f2a61a63fd070566a92dd6/1660164753723-E21SVTK99RHYAR545F99/Animated-Icons-03.gif]
[images.squarespace-cdn.com/content/v1/62f2a61a63fd070566a92dd6/1660164811750-USP3F8NPIWCDL4WVKH20/Animated-Icons-01.gif]
[images.squarespace-cdn.com/content/v1/62f2a61a63fd070566a92dd6/1660164790338-EXD84IOPAD5M52JWZY7J/Animated-Icons-04.gif]
[www.archxilla.com/insights-and-observations.html]
[www.archxilla.com/index.html]
[definitions.sqspcdn.com/website-component-definition/static-assets/website.components.socialLinks/0f5f5fc2-9e98-46f5-93ab-c3d71ed3225b_582/website.components.socialLinks.styles.css]
[definitions.sqspcdn.com/website-component-definition/static-assets/website.components.imageFluid/f8e2778b-feb1-4515-9cc3-98733b7c4f28_791/website.components.imageFluid.styles.css]
[definitions.sqspcdn.com/website-component-definition/static-assets/website.components.button/f99972d9-fa37-4b45-afd1-75e20cdc065a_974/website.components.button.styles.css]
[definitions.sqspcdn.com/website-component-definition/static-assets/website.components.html/51f8b177-e779-41f7-a632-53f2040db8df_804/website.components.html.styles.css]
[assets.squarespace.com/universal/images-v6/damask/error-dark.png]
[assets.squarespace.com/universal/images-v6/damask/error-dark@2x.png]
[static1.squarespace.com/static/vta/5c5a519771c10ba3470d8101/scripts/site-bundle.3ac4db8e38074e1383b5ecad2061af25.js]
[assets.squarespace.com/universal/images-v6/damask/play-button.png]
[assets.squarespace.com/universal/images-v6/damask/play-button@2x.png]
[assets.squarespace.com/universal/images-v6/damask/edit-aviary-light.png]
[assets.squarespace.com/universal/images-v6/damask/edit-aviary-light@2x.png]
[assets.squarespace.com/universal/images-v6/damask/edit-info-light.png]
[assets.squarespace.com/universal/images-v6/damask/edit-info-light@2x.png]
[assets.squarespace.com/universal/images-v6/damask/trash-9-light.png]
[assets.squarespace.com/universal/images-v6/damask/trash-9-light@2x.png]
[assets.squarespace.com/universal/images-v6/damask/trash-9-red.png]
[assets.squarespace.com/universal/images-v6/damask/trash-9-red@2x.png]
[assets.squarespace.com/universal/images-v6/damask/getty-16-light.png]
[assets.squarespace.com/universal/images-v6/damask/getty-32-light.png]
[assets.squarespace.com/universal/images-v6/damask/shopping-cart-16-light.png]
[assets.squarespace.com/universal/images-v6/damask/shopping-cart-32-light.png]
[assets.squarespace.com/universal/images-v6/icons/block-indicator-dark.png]
[assets.squarespace.com/universal/images-v6/icons/block-indicator-dark@2x.png]
[assets.squarespace.com/universal/images-v6/icons/opentable-icons.png]
[assets.squarespace.com/universal/images-v6/icons/icon-searchqueries-20-dark.png]
[assets.squarespace.com/universal/images-v6/icons/icon-searchqueries-20-light.png]
[assets.squarespace.com/universal/images-v6/icons/icon-video-24-light-solid.png]
[assets.squarespace.com/universal/images-v6/standard/icon_close_7_light.png]
[assets.squarespace.com/universal/images-v6/icons/icon-settings-16-light.png]
[static1.squarespace.com/static/versioned-site-css/62f2a61a63fd070566a92dd6/38/5c5a519771c10ba3470d8101/62f2a61a63fd070566a92df1/1811/sitece97.css]
[static1.squarespace.com/static/vta/5c5a519771c10ba3470d8101/versioned-assets/1784658820989-T86EF34M4QVPBBCSSFUN/static.css]
[www.archxilla.com/cart.html]
[www.archxilla.com/tech-portfolio.html]
[www.archxilla.com/illustration-portfolio.html]
[www.archxilla.com/portfolio/portcon-plus.html]
[images.squarespace-cdn.com/content/v1/62f2a61a63fd070566a92dd6/1660254414182-HX5BY83IIFC0AXJNIT76/PortConPlus-001.png]
[www.archxilla.com/portfolio/power-word-casual.html]
[images.squarespace-cdn.com/content/v1/62f2a61a63fd070566a92dd6/1660255906760-F4K5BE4U9L2L8BW8GLW0/PowerWordCasual-Logo.jpg]
[www.archxilla.com/portfolio/portcon-home.html]
[images.squarespace-cdn.com/content/v1/62f2a61a63fd070566a92dd6/1660267451504-YVPJ3FCWY4O4KASI4631/PCM-Home-Graphics-Square_PortCon-Home-Square.jpg]
[www.archxilla.com/portfolio/character-cards.html]
[images.squarespace-cdn.com/content/v1/62f2a61a63fd070566a92dd6/1660257233629-X5F21YG8XX849FIAW3JA/Cards-01.jpg]
[www.archxilla.com/portfolio/dnd-item-cards.html]
[images.squarespace-cdn.com/content/v1/62f2a61a63fd070566a92dd6/1660271599751-V4NAO7QO54LIIDY0CX5L/ItemCard-Mockups5.jpg]
[www.archxilla.com/portfolio/dnd-hellscape-navigators.html]
[images.squarespace-cdn.com/content/v1/62f2a61a63fd070566a92dd6/1660253455274-B7M7L0YI9CRVDHPI9A1J/HN-01.jpg]
[www.archxilla.com/portfolio/dnd-bullmoose.html]
[images.squarespace-cdn.com/content/v1/62f2a61a63fd070566a92dd6/1660271559216-D3LZ23RWLPX46XN4W2FQ/Stream-BullMoose-DnD_Instagram-Post.jpg]
[www.archxilla.com/portfolio/riverton-mystery-club.html]
[images.squarespace-cdn.com/content/v1/62f2a61a63fd070566a92dd6/1660254167171-1Z4VY9YCXKTH946RJKWQ/Riverton-Featured.jpg]
[www.archxilla.com/portfolio/dnd-tom-paradox.html]
[images.squarespace-cdn.com/content/v1/62f2a61a63fd070566a92dd6/1660268991219-M7691LYO9II4PNXALQSR/CoverPhoto-TomParadox.jpg]
[www.archxilla.com/portfolio/mask-up.html]
[images.squarespace-cdn.com/content/v1/62f2a61a63fd070566a92dd6/1661806844040-4G47JGJQDY62XVIUJVYV/MaskUp-Logo-OneColor-v2.jpg]
[www.archxilla.com/portfolio/bso.html]
[images.squarespace-cdn.com/content/v1/62f2a61a63fd070566a92dd6/1661806883913-E9Z1S0UX05L52XNPOFS9/BSO-MWIV-Instagram-v1.jpg]
[www.archxilla.com/portfolio/dtb.html]
[images.squarespace-cdn.com/content/v1/62f2a61a63fd070566a92dd6/1661809934994-GRR5PVKDCHOCS5QEUYUN/DTB-01.jpg]
[www.archxilla.com/portfolio.html]
[definitions.sqspcdn.com/website-component-definition/static-assets/website.components.summary/cce31568-83b0-4371-af79-b8b4747e38bd_522/website.components.summary.styles.css]
[definitions.sqspcdn.com/website-component-definition/static-assets/website.components.summary/cce31568-83b0-4371-af79-b8b4747e38bd_522/gallery-layout-strip.js]
[definitions.sqspcdn.com/website-component-definition/static-assets/website.components.summary/cce31568-83b0-4371-af79-b8b4747e38bd_522/gallery-layout-autogrid.js]
[definitions.sqspcdn.com/website-component-definition/static-assets/website.components.summary/cce31568-83b0-4371-af79-b8b4747e38bd_522/8018.js]
[definitions.sqspcdn.com/website-component-definition/static-assets/website.components.summary/cce31568-83b0-4371-af79-b8b4747e38bd_522/gallery-layout-list.js]
[definitions.sqspcdn.com/website-component-definition/static-assets/website.components.summary/cce31568-83b0-4371-af79-b8b4747e38bd_522/gallery-layout-carousel.js]
[definitions.sqspcdn.com/website-component-definition/static-assets/website.components.summary/cce31568-83b0-4371-af79-b8b4747e38bd_522/gallery-layout-autocolumns.js]
[definitions.sqspcdn.com/website-component-definition/static-assets/website.components.summary/cce31568-83b0-4371-af79-b8b4747e38bd_522/website.components.summary.visitor.js]
[definitions.sqspcdn.com/website-component-definition/static-assets/website.components.summary/cce31568-83b0-4371-af79-b8b4747e38bd_522/gallery-layout-grid.js]
[definitions.sqspcdn.com/website-component-definition/static-assets/website.components.summary/cce31568-83b0-4371-af79-b8b4747e38bd_522/gallery-layout-stacked.js]
[definitions.sqspcdn.com/website-component-definition/static-assets/website.components.summary/cce31568-83b0-4371-af79-b8b4747e38bd_522/embed-video-player.js]
[definitions.sqspcdn.com/website-component-definition/static-assets/website.components.summary/cce31568-83b0-4371-af79-b8b4747e38bd_522/gallery-manager.js]
[definitions.sqspcdn.com/website-component-definition/static-assets/website.components.summary/cce31568-83b0-4371-af79-b8b4747e38bd_522/gallery-layout-slideshow.js]
[images.squarespace-cdn.com/content/v1/62f2a61a63fd070566a92dd6/3c20d22c-a4fa-4a01-9246-fb2cd378c011/Arch-Portrait-01.png]
[images.squarespace-cdn.com/content/v1/62f2a61a63fd070566a92dd6/17d5e56d-69b4-4ec0-b34a-f0cb343d6b61/WIP-01.png]
[images.squarespace-cdn.com/content/v1/62f2a61a63fd070566a92dd6/6ccff474-0153-4e09-b0dc-2c275ab3371c/IMG_1473.png]
[www.archxilla.com/insights-and-observations/a-beanie-baby-birthday.html]
[www.archxilla.com/insights-and-observations/25-years-furby.html]
[www.archxilla.com/insights-and-observations/mattel-monster-high-2022.html]
[www.archxilla.com/insights-and-observations/dnd-yahtzee.html]
[www.archxilla.com/dtb.78.delayed]
[www.archxilla.com/about.html]
[www.archxilla.com/insights-and-observationsa409]
[images.squarespace-cdn.com/content/v1/62f2a61a63fd070566a92dd6/1718235426406-NJ1CUL0DJK98O1J7H3M9/Header-BeanieBabies.png]
[images.squarespace-cdn.com/content/v1/62f2a61a63fd070566a92dd6/1705377200942-GOGBR6BU8FB859M9DRTO/Header-Furby2023.jpg]
[images.squarespace-cdn.com/content/v1/62f2a61a63fd070566a92dd6/1669175467220-FUVCQ9ZL276FH41QJEGD/Header-MonsterHigh.jpg]
[images.squarespace-cdn.com/content/v1/62f2a61a63fd070566a92dd6/1665689065131-9I412Q2F9TOHKKNL0GXP/Header-DnDYahtzee.jpg]
[www.archxilla.com/insights-and-observations/unusual-2000s-tcgs.html]
[images.squarespace-cdn.com/content/v1/62f2a61a63fd070566a92dd6/1663119335784-MPW45D425RZNT7M3ZH95/Header-2000sTCGs.jpg]
[www.archxilla.com/insights-and-observations/disney-magic-enters-the-tcg-space.html]
[images.squarespace-cdn.com/content/v1/62f2a61a63fd070566a92dd6/1663116712403-VEZ5MK2TFSH3QMZRW6K6/Header-Lorcana-02.jpg]
[www.archxilla.com/insights-and-observations.html]
[www.archxilla.com/universal/svg/social-accounts.svg]
[images.squarespace-cdn.com/content/62f2a61a63fd070566a92dd6/1673851569505-WG1T1FCRO4PSTC5GUWWI/FbG8jziUsAECQudee8a.jpg]
[images.squarespace-cdn.com/content/v1/62f2a61a63fd070566a92dd6/885a9b59-abe8-4cf6-8a27-09662ddad540/Rambert-Animation-Resized.gif]
[images.squarespace-cdn.com/content/v1/62f2a61a63fd070566a92dd6/e27a0b5c-de26-470b-945c-c583d15668e7/DnD-Overlay-Demo.gif]
[images.squarespace-cdn.com/content/v1/62f2a61a63fd070566a92dd6/d8b0d7d8-99ec-428f-963d-870ff454e594/edmund-walk-resized.gif]
[images.squarespace-cdn.com/content/v1/62f2a61a63fd070566a92dd6/1f3b3673-ca99-4904-9c61-890ee232dfd3/Hypnos-DealWithIt-GIF.gif]
[images.squarespace-cdn.com/content/v1/62f2a61a63fd070566a92dd6/76cbe9d2-c755-4565-8a31-7c77979acc36/Dusa-GIF.gif]
[images.squarespace-cdn.com/content/v1/62f2a61a63fd070566a92dd6/9e9fe106-7832-4d4e-8b88-3077a4223a80/Zagreus-GuessDie-GIF.gif]
[images.squarespace-cdn.com/content/v1/62f2a61a63fd070566a92dd6/20fe82b0-547a-4cf9-9f96-548b4bae74da/Thanatos-ThenPerish-GIF.gif]
[images.squarespace-cdn.com/content/v1/62f2a61a63fd070566a92dd6/3b15d61f-4c7e-4568-94b7-edc294c928ce/Hypnos-Eyebrows-GIF.gif]
[www.archxilla.com/tech-portfolio.html]
[www.archxilla.com/illustration-portfolio.html]
[images.squarespace-cdn.com/content/62f2a61a63fd070566a92dd6/1660254414182-HX5BY83IIFC0AXJNIT76/PortConPlus-0015d45.png]
[images.squarespace-cdn.com/content/v1/62f2a61a63fd070566a92dd6/1660189026404-5OLS1Q68010XKBWKW5RO/PortConPlus-001.png]
[images.squarespace-cdn.com/content/v1/62f2a61a63fd070566a92dd6/925878fb-d98e-4195-b310-7de54699a405/PortConPlus-005.png]
[www.archxilla.com/portfolio/portcon-plus7b85.html]
[www.archxilla.com/portfolio/portcon-plus89c5.html]
[www.archxilla.com/portfolio/portcon-plus82c1.html]
[images.squarespace-cdn.com/content/v1/62f2a61a63fd070566a92dd6/1660245406077-A1RNSODSYQEHIAYCENAT/PortConPlus-003.png]
[images.squarespace-cdn.com/content/v1/62f2a61a63fd070566a92dd6/d25af5b4-c3d5-40f6-814d-65fcbcd007d9/PortConPlus-004.jpg]
[images.squarespace-cdn.com/content/v1/62f2a61a63fd070566a92dd6/1660186130473-E6058COEHNOOSIM0RQAO/PortConPlus-002.png]
[www.archxilla.com/portfolio/portcon-plus.html]
[images.squarespace-cdn.com/content/62f2a61a63fd070566a92dd6/1660255906760-F4K5BE4U9L2L8BW8GLW0/PowerWordCasual-Logo43a3.jpg]
[images.squarespace-cdn.com/content/v1/62f2a61a63fd070566a92dd6/7ccda33a-d0eb-477a-9480-1a94d2289c13/PowerWordCasual-Logo.jpg]
[images.squarespace-cdn.com/content/v1/62f2a61a63fd070566a92dd6/2de28f87-74ab-4193-89dd-deb73c3c4324/PowerWordCasual-WIP-1024x576.jpg]
[images.squarespace-cdn.com/content/v1/62f2a61a63fd070566a92dd6/66a4a82d-d4c4-4840-832d-d0901f8b1fb0/PowerWordCasual-Brainstorm-1024x768.jpg]
[images.squarespace-cdn.com/content/v1/62f2a61a63fd070566a92dd6/df1ceb6a-25c1-4e4e-9cc9-544abf6a8551/PowerWordCasual-Logo-v2.gif]
[images.squarespace-cdn.com/content/v1/62f2a61a63fd070566a92dd6/f803ad9a-7551-498a-8e8b-6e63ca7e31bf/PowerWordCasual-Stream-01-copy.jpg]
[images.squarespace-cdn.com/content/v1/62f2a61a63fd070566a92dd6/efa86b23-8dc7-4c30-b8b6-299c02549af8/PowerWordCasual-Splash-1024x546.jpg]
[images.squarespace-cdn.com/content/v1/62f2a61a63fd070566a92dd6/2c8a91e0-1943-47f4-93a1-13b9a318e7a5/PowerWordCasual-FiveHit.png]
[images.squarespace-cdn.com/content/v1/62f2a61a63fd070566a92dd6/34be4623-c446-49fb-835e-a9686d5c1315/PowerWordCasual-FiveHit-Pokemon.png]
[www.archxilla.com/portfolio/power-word-casual.html]
[images.squarespace-cdn.com/content/62f2a61a63fd070566a92dd6/1660267451504-YVPJ3FCWY4O4KASI4631/PCM-Home-Graphics-Square_PortCon-Home-Squareee8a.jpg]
[images.squarespace-cdn.com/content/v1/62f2a61a63fd070566a92dd6/d5a4918a-2b5b-421d-8042-5ae215854ec8/PCM-Home-Graphics-Square_PortCon-Home-Square.jpg]
[images.squarespace-cdn.com/content/v1/62f2a61a63fd070566a92dd6/d8415bb2-3bcc-49a4-b11c-fb7bdfd8d5ca/PCM-Home-ArtDev-01.jpg]
[images.squarespace-cdn.com/content/v1/62f2a61a63fd070566a92dd6/882d54f0-56fa-4c72-81d4-ece4a906c500/PCM-Home-ArtDev-02-1024x576.jpg]
[images.squarespace-cdn.com/content/v1/62f2a61a63fd070566a92dd6/be8fb4a3-7ea3-4294-b636-9258d4f4f75e/PCM-Home-ArtDev-03-1024x576.jpg]
[images.squarespace-cdn.com/content/v1/62f2a61a63fd070566a92dd6/5b37abbb-10be-4a86-a45a-94642b112f66/PCM-Home-KeyArt-Resized.jpg]
[images.squarespace-cdn.com/content/v1/62f2a61a63fd070566a92dd6/420d496b-fd33-404f-8a04-b1c44ce9b846/PCM-Home-Logo-Development.png]
[images.squarespace-cdn.com/content/v1/62f2a61a63fd070566a92dd6/049afa5d-7e0e-414e-93bb-fbaf2beda764/PCM-Home-WebPage-01-797x1024.jpg]
[images.squarespace-cdn.com/content/v1/62f2a61a63fd070566a92dd6/af8d3163-c156-4182-bd05-2da5c22b1333/PCM-Home-WebPage-02-797x1024.jpg]
[images.squarespace-cdn.com/content/v1/62f2a61a63fd070566a92dd6/6202280a-88b0-4073-86c7-f0fc4afefbd2/PCM-Patreon.png]
[images.squarespace-cdn.com/content/v1/62f2a61a63fd070566a92dd6/841722d3-e7d9-4dc4-8c61-675b8205c3de/PCM-Home-Flowchart-Resized.jpg]
[www.archxilla.com/portfolio/portcon-home.html]
[images.squarespace-cdn.com/content/62f2a61a63fd070566a92dd6/1660257233629-X5F21YG8XX849FIAW3JA/Cards-0143a3.jpg]
[images.squarespace-cdn.com/content/v1/62f2a61a63fd070566a92dd6/8ef5f0cc-d32d-401d-9f0d-7f9c7ce7f189/Cards-01.jpg]
[images.squarespace-cdn.com/content/v1/62f2a61a63fd070566a92dd6/20a0c999-0582-44b1-80c4-9dad6d6b7fa2/Cards-02.jpg]
[images.squarespace-cdn.com/content/v1/62f2a61a63fd070566a92dd6/82c49a67-aee6-4406-a9e2-90fab84cc3ce/Cards-04.jpg]
[images.squarespace-cdn.com/content/v1/62f2a61a63fd070566a92dd6/690d4d04-e79a-4ad0-932a-b87a1c725e09/Cards-03.jpg]
[images.squarespace-cdn.com/content/v1/62f2a61a63fd070566a92dd6/19dcf3d1-d88a-4e51-bdac-8c87a4d0f2ad/Cards-05.jpg]
[images.squarespace-cdn.com/content/v1/62f2a61a63fd070566a92dd6/a21ff04b-42f7-4388-af13-9e122f35faad/Cards-06.jpg]
[images.squarespace-cdn.com/content/v1/62f2a61a63fd070566a92dd6/4ff9de2a-e486-4835-ae72-ed827b137ff2/Cards-07.jpg]
[images.squarespace-cdn.com/content/v1/62f2a61a63fd070566a92dd6/02197e2c-1d3e-4fa7-a8d2-7e437f2f3756/Cards-08.jpg]
[www.archxilla.com/portfolio/character-cards.html]
[images.squarespace-cdn.com/content/62f2a61a63fd070566a92dd6/1660271599751-V4NAO7QO54LIIDY0CX5L/ItemCard-Mockups543a3.jpg]
[images.squarespace-cdn.com/content/v1/62f2a61a63fd070566a92dd6/431bc52f-7ef0-4a98-88cb-09e1576b1076/ItemCard-Mockups5.jpg]
[images.squarespace-cdn.com/content/v1/62f2a61a63fd070566a92dd6/986452f2-7a90-4ea7-8352-9c4ae341fe2e/ItemCard-Mockups6-1024x1024.jpg]
[images.squarespace-cdn.com/content/v1/62f2a61a63fd070566a92dd6/26e7772d-2d34-4370-8158-7f38991ccbc6/ItemCard-Mockups7-1024x1024.jpg]
[images.squarespace-cdn.com/content/v1/62f2a61a63fd070566a92dd6/22fb78ae-37be-485c-97ed-0e6d2a68a140/ItemCard-Mockups8-1024x1024.jpg]
[images.squarespace-cdn.com/content/v1/62f2a61a63fd070566a92dd6/4ad7aa5a-65a8-4f86-bbef-7447c4e42cc0/ItemCard-Mockups10-1024x1024.jpg]
[images.squarespace-cdn.com/content/v1/62f2a61a63fd070566a92dd6/61b79716-1eaa-4663-94d4-935ed77052c6/ItemCard-Mockups9-1024x1024.jpg]
[images.squarespace-cdn.com/content/v1/62f2a61a63fd070566a92dd6/47cc95ca-20dd-47ff-b8b7-a11ca5e97155/ItemCard-Mockups11-1024x1024.jpg]
[images.squarespace-cdn.com/content/v1/62f2a61a63fd070566a92dd6/7019b2a4-ec9e-4a8e-ab33-42c97be9f4db/ItemCard-Mockups11-1024x1024.jpg]
[images.squarespace-cdn.com/content/v1/62f2a61a63fd070566a92dd6/26dafc28-518c-4bee-bce1-bf43cdba3469/ItemCard-Mockups3-1024x1024.jpg]
[images.squarespace-cdn.com/content/v1/62f2a61a63fd070566a92dd6/a062603d-a06e-4392-8144-06acfb79f91a/ItemCard-Mockups4-1024x1024.jpg]
[images.squarespace-cdn.com/content/v1/62f2a61a63fd070566a92dd6/71c6d3f8-944b-4037-b6e4-5745efbc2834/ItemCard-Mockups2-1024x1024.jpg]
[www.archxilla.com/portfolio/dnd-item-cards.html]
[images.squarespace-cdn.com/content/62f2a61a63fd070566a92dd6/1660253455274-B7M7L0YI9CRVDHPI9A1J/HN-01ee8a.jpg]
[images.squarespace-cdn.com/content/v1/62f2a61a63fd070566a92dd6/91ab85b3-d83c-47e4-bffa-ffb94adef5da/HN-01.jpg]
[images.squarespace-cdn.com/content/v1/62f2a61a63fd070566a92dd6/7ff9ae80-1374-4843-af80-5331f5259aca/HN-03.jpg]
[images.squarespace-cdn.com/content/v1/62f2a61a63fd070566a92dd6/1dfe696e-dc81-4478-8454-7312c865a0c0/HN-02.jpg]
[images.squarespace-cdn.com/content/v1/62f2a61a63fd070566a92dd6/04f64caa-93f5-446c-8d9c-9747e5a0465c/HN-Portrait-03.png]
[images.squarespace-cdn.com/content/v1/62f2a61a63fd070566a92dd6/e9502348-fb93-493f-8e0f-85bde2272986/HN-Portrait-02.png]
[images.squarespace-cdn.com/content/v1/62f2a61a63fd070566a92dd6/5096bab0-743b-412b-9e17-c496ce171777/HN-Portrait-01.png]
[images.squarespace-cdn.com/content/v1/62f2a61a63fd070566a92dd6/8f1852ac-04b1-4a9c-8374-62d4917b93da/HN-Portrait-04.png]
[images.squarespace-cdn.com/content/v1/62f2a61a63fd070566a92dd6/bdf277ca-1b8c-46da-bee9-da5608db7d68/HN-Portrait-05.png]
[images.squarespace-cdn.com/content/v1/62f2a61a63fd070566a92dd6/94081841-d681-42f5-8203-f9ae1b06e05b/HN-Initiative.jpg]
[images.squarespace-cdn.com/content/v1/62f2a61a63fd070566a92dd6/741eff72-1299-4b99-b1a9-1902b502b5c9/HN-07.jpg]
[images.squarespace-cdn.com/content/v1/62f2a61a63fd070566a92dd6/7c10f6fa-6c37-471d-9111-23a4bbee99e2/HN-04.jpg]
[images.squarespace-cdn.com/content/v1/62f2a61a63fd070566a92dd6/07705f70-8d6a-4fd7-82c0-4d6c3e8d83d8/HN-05.jpg]
[images.squarespace-cdn.com/content/v1/62f2a61a63fd070566a92dd6/62aebee4-2062-4819-8f09-022680a54820/HN-06.jpg]
[www.archxilla.com/portfolio/dnd-hellscape-navigators.html]
[images.squarespace-cdn.com/content/62f2a61a63fd070566a92dd6/1660271559216-D3LZ23RWLPX46XN4W2FQ/Stream-BullMoose-DnD_Instagram-Postee8a.jpg]
[images.squarespace-cdn.com/content/v1/62f2a61a63fd070566a92dd6/104c4681-a156-4d9e-9d59-2f1ab0d86e6e/Stream-BullMoose-DnD_Instagram-Post.jpg]
[images.squarespace-cdn.com/content/v1/62f2a61a63fd070566a92dd6/a0e0c827-57ad-4f6e-8e72-333caae30b80/Stream-BullMoose-DnD_Instagram-Story.jpg]
[images.squarespace-cdn.com/content/v1/62f2a61a63fd070566a92dd6/8f082d5e-5c00-47f6-847d-4bac524f6656/Stream-BullMoose-DnD_Instagram-Post.jpg]
[images.squarespace-cdn.com/content/v1/62f2a61a63fd070566a92dd6/132bc33f-e506-43b2-85bd-91d4efd4360c/Stream-BullMoose-DnD_Twitter-Facebook.jpg]
[images.squarespace-cdn.com/content/v1/62f2a61a63fd070566a92dd6/d05d19ae-65f4-439d-a5f9-dd12dbe2d9f7/BullMoose-Mockup.jpg]
[images.squarespace-cdn.com/content/v1/62f2a61a63fd070566a92dd6/b41f0a9f-0c5e-4e4a-9fbc-82dd46105a8e/Stream-BullMoose-DnD_Splash-BRB.jpg]
[images.squarespace-cdn.com/content/v1/62f2a61a63fd070566a92dd6/fe7fd63e-d111-4e51-b3c4-918641eb32ae/BullMoose-DnD-Screenshot-1024x494.jpg]
[images.squarespace-cdn.com/content/v1/62f2a61a63fd070566a92dd6/b3c8c508-3baf-4840-bf3b-c95b7896bd80/Eich3GMXsAcgtYD-1024x1024.jpg]
[www.archxilla.com/portfolio/dnd-bullmoose.html]
[images.squarespace-cdn.com/content/62f2a61a63fd070566a92dd6/1660254167171-1Z4VY9YCXKTH946RJKWQ/Riverton-Featuredee8a.jpg]
[definitions.sqspcdn.com/website-component-definition/static-assets/website.components.video/f4fab1b5-9724-4478-be19-b08d36e66cf2_549/website.components.video.styles.css]
[definitions.sqspcdn.com/website-component-definition/static-assets/website.components.video/f4fab1b5-9724-4478-be19-b08d36e66cf2_549/4032.js]
[definitions.sqspcdn.com/website-component-definition/static-assets/website.components.video/f4fab1b5-9724-4478-be19-b08d36e66cf2_549/website.components.video.visitor.js]
[images.squarespace-cdn.com/content/v1/62f2a61a63fd070566a92dd6/e06b1d77-1b45-473f-a9d1-950850c8ab9b/Riverton-Featured.jpg]
[images.squarespace-cdn.com/content/v1/62f2a61a63fd070566a92dd6/7ebf8aaf-0987-4bed-89ea-b60adaaed399/Riverton-Sketch-01.jpg]
[images.squarespace-cdn.com/content/v1/62f2a61a63fd070566a92dd6/a1e0fadb-661d-42d0-91ef-ab3f381d19ec/Riverton-Sketch-02.jpg]
[images.squarespace-cdn.com/content/v1/62f2a61a63fd070566a92dd6/639ed3f5-31f2-4250-a344-6955a54bb993/Riverton-Portrait-01.png]
[images.squarespace-cdn.com/content/v1/62f2a61a63fd070566a92dd6/3050ef22-5294-4742-8936-41341fe6cfdc/Riverton-Portrait-02.png]
[images.squarespace-cdn.com/content/v1/62f2a61a63fd070566a92dd6/12943196-0f4b-4e13-ab5a-e810da4bf6bf/Riverton-Portrait-03.png]
[images.squarespace-cdn.com/content/v1/62f2a61a63fd070566a92dd6/a38fedad-987a-4ab7-bd89-04d0ee142ccc/Riverton-Portrait-05.png]
[images.squarespace-cdn.com/content/v1/62f2a61a63fd070566a92dd6/e57cd91b-ea8c-4728-a9a1-659c9c1dd6e6/Riverton-Portrait-06.png]
[images.squarespace-cdn.com/content/v1/62f2a61a63fd070566a92dd6/249bb929-d943-440c-8e67-67b3385f2720/Riverton-Portrait-04.png]
[images.squarespace-cdn.com/content/v1/62f2a61a63fd070566a92dd6/53d5973e-5e41-45d1-a790-2817bca03fcd/Riverton-Posts-01-703x1024.jpg]
[images.squarespace-cdn.com/content/v1/62f2a61a63fd070566a92dd6/83087b13-3086-4d86-9636-6fdda2d2c768/Riverton-Posts-02-703x1024.jpg]
[images.squarespace-cdn.com/content/v1/62f2a61a63fd070566a92dd6/60596cfd-be32-43d2-8ea9-c041ad4e17b8/Riverton-Posts-03-703x1024.jpg]
[images.squarespace-cdn.com/content/v1/62f2a61a63fd070566a92dd6/b55fe1a0-459f-4c7d-b1af-b1751baa52c4/Riverton-Posts-04-703x1024.jpg]
[images.squarespace-cdn.com/content/v1/62f2a61a63fd070566a92dd6/179e2a05-0809-432b-8790-08bddf0e8d1d/Riverton-Posts-05-703x1024.jpg]
[images.squarespace-cdn.com/content/v1/62f2a61a63fd070566a92dd6/d1761233-d88f-41c1-a95a-1f15a5822db0/Riverton-Posts-06-703x1024.jpg]
[images.squarespace-cdn.com/content/v1/62f2a61a63fd070566a92dd6/aa9b034a-166c-486f-99ab-fd58b82cbdb1/Riverton-Social-Arch-1024x576.png]
[images.squarespace-cdn.com/content/v1/62f2a61a63fd070566a92dd6/175229db-f8c4-4634-b994-17454a1ab1b1/Riverton-Social-Ian-1024x576.png]
[images.squarespace-cdn.com/content/v1/62f2a61a63fd070566a92dd6/16e26c0a-3317-4317-be3a-a716fae07e21/Riverton-Social-Janks-1024x576.png]
[images.squarespace-cdn.com/content/v1/62f2a61a63fd070566a92dd6/3f0ab85e-2ea1-4364-9dfa-785bc6bf9dd2/Riverton-Social-Jekka-1024x576.png]
[images.squarespace-cdn.com/content/v1/62f2a61a63fd070566a92dd6/75f5927b-8b93-4250-b3d0-94b936090cf0/Riverton-Social-Noah-1024x576.png]
[images.squarespace-cdn.com/content/v1/62f2a61a63fd070566a92dd6/76b18f1c-0c68-4b90-aca1-f1906e17db04/Riverton-Social-Yvan-1024x576.png]
[images.squarespace-cdn.com/content/v1/62f2a61a63fd070566a92dd6/8d3ce97c-96e0-4c35-a56b-0e7a296837cc/Riverton-Initiative.gif]
[images.squarespace-cdn.com/content/v1/62f2a61a63fd070566a92dd6/43d5aeff-8197-4716-8151-df8d2392b815/Riverton-Screenshot-01.png]
[images.squarespace-cdn.com/content/v1/62f2a61a63fd070566a92dd6/f192f85a-de87-48f1-9120-b810b74ab693/Riverton-Screenshot-02.png]
[images.squarespace-cdn.com/content/v1/62f2a61a63fd070566a92dd6/5b86d923-ed64-4799-8e30-a61a98ac072a/Riverton-Screenshot-03.png]
[www.archxilla.com/portfolio/_/cdn.embedly.com/widgets/media.faf12a.delayed]
[www.archxilla.com/portfolio/riverton-mystery-club.html]
[images.squarespace-cdn.com/content/62f2a61a63fd070566a92dd6/1660268991219-M7691LYO9II4PNXALQSR/CoverPhoto-TomParadoxee8a.jpg]
[images.squarespace-cdn.com/content/v1/62f2a61a63fd070566a92dd6/665c4aed-f110-4c8b-bc1d-547f6e6c18f4/BakersDozen-Group-Resized.jpg]
[images.squarespace-cdn.com/content/v1/62f2a61a63fd070566a92dd6/bf8ab1a1-b767-428d-bffb-282225d15015/Stream-TomParadox_Splash-1-1024x575.png]
[images.squarespace-cdn.com/content/v1/62f2a61a63fd070566a92dd6/644a54bc-1b3f-4c13-bc7b-4ceb344b4f0d/TomParadox-Intros-Barnabus-1024x576.jpg]
[images.squarespace-cdn.com/content/v1/62f2a61a63fd070566a92dd6/5605b583-44d1-4558-bc01-4c3c17143d27/TomParadox-Intros-Quel-1024x576.jpg]
[images.squarespace-cdn.com/content/v1/62f2a61a63fd070566a92dd6/d580e9c0-3a0e-44a3-b8ae-287d91b812cd/TomParadox-Intros-Edmund-1024x576.jpg]
[images.squarespace-cdn.com/content/v1/62f2a61a63fd070566a92dd6/4c0cbac7-76d6-43d3-97e1-75e62d8d4e3a/TomParadox-Intros-Fredward-1024x576.jpg]
[images.squarespace-cdn.com/content/v1/62f2a61a63fd070566a92dd6/0113dda8-77d8-417f-bc61-5896ca372497/TomParadox-Intros-Don-1024x576.jpg]
[images.squarespace-cdn.com/content/v1/62f2a61a63fd070566a92dd6/bfff22ce-798c-4aaa-95d5-d2c61070a033/TomParadox-Intros-Tom-1024x576.jpg]
[images.squarespace-cdn.com/content/v1/62f2a61a63fd070566a92dd6/83512ba0-0155-4a99-9066-5db396588c6f/TomParadox-Intros-AU-Tom-1024x576.jpg]
[images.squarespace-cdn.com/content/v1/62f2a61a63fd070566a92dd6/215d7c8a-f9e5-42a8-abd0-67be821b35a5/TomParadox-Intros-AU-Barnabus-1024x576.jpg]
[images.squarespace-cdn.com/content/v1/62f2a61a63fd070566a92dd6/55ef2545-91b5-4331-96db-671e7a80718c/TomParadox-Intros-AU-Quel-1024x576.jpg]
[images.squarespace-cdn.com/content/v1/62f2a61a63fd070566a92dd6/d92430cd-df9f-413b-bbf0-145f0093f55c/TomParadox-Intros-AU-Edmund-1024x576.jpg]
[images.squarespace-cdn.com/content/v1/62f2a61a63fd070566a92dd6/7a14dc5d-e4fd-4ecb-a22a-4858bf8a08d1/TomParadox-Intros-AU-Fredward-1024x576.jpg]
[images.squarespace-cdn.com/content/v1/62f2a61a63fd070566a92dd6/8b5a7de2-b6ac-436a-980d-bc84f05652ae/TomParadox-Intros-AU-Don-1024x576.jpg]
[images.squarespace-cdn.com/content/v1/62f2a61a63fd070566a92dd6/b16284e2-179d-4283-9c80-010f37b3d591/Tom-Posts-006.png]
[images.squarespace-cdn.com/content/v1/62f2a61a63fd070566a92dd6/3e3c8f98-78ca-4c72-b1d0-9bd5011f0763/Tom-Posts-007.png]
[images.squarespace-cdn.com/content/v1/62f2a61a63fd070566a92dd6/54d62584-4c3b-49ee-a4d1-0be299cd2f5c/Tom-Posts-008.png]
[images.squarespace-cdn.com/content/v1/62f2a61a63fd070566a92dd6/38c5357c-d156-4b68-a287-a033474525d1/Tom-Posts-009.png]
[images.squarespace-cdn.com/content/v1/62f2a61a63fd070566a92dd6/1e155282-bc7b-46e3-b6b9-9337436e23e5/Tom-Posts-010.png]
[images.squarespace-cdn.com/content/v1/62f2a61a63fd070566a92dd6/e393aa01-7d40-4917-a57c-0dd7af18a635/Tom-Posts-011.png]
[images.squarespace-cdn.com/content/v1/62f2a61a63fd070566a92dd6/38e0bbd3-c8e7-4320-8122-013853a12191/Tom-Posts-012.png]
[images.squarespace-cdn.com/content/v1/62f2a61a63fd070566a92dd6/419ca955-e429-4b29-9808-00beb0a5ceb2/Tom-Posts-001.png]
[images.squarespace-cdn.com/content/v1/62f2a61a63fd070566a92dd6/4df577dd-1372-466b-8950-03a343f8db96/Tom-Posts-002.png]
[images.squarespace-cdn.com/content/v1/62f2a61a63fd070566a92dd6/ca152040-c77a-4887-a2eb-0d626fa516ad/Tom-Posts-003.png]
[images.squarespace-cdn.com/content/v1/62f2a61a63fd070566a92dd6/d6b945c0-68c1-4ebb-883a-f151fc18828f/Tom-Posts-004.png]
[images.squarespace-cdn.com/content/v1/62f2a61a63fd070566a92dd6/844312f6-93ef-4ff7-9252-900b0b6aae99/Tom-Posts-005.png]
[images.squarespace-cdn.com/content/v1/62f2a61a63fd070566a92dd6/68d93bad-6473-40a4-9332-c27217aa1809/Screenshot-Twitch-Cropped-1024x494.png]
[www.archxilla.com/portfolio/dnd-tom-paradox.html]
[images.squarespace-cdn.com/content/62f2a61a63fd070566a92dd6/1661806844040-4G47JGJQDY62XVIUJVYV/MaskUp-Logo-OneColor-v2ee8a.jpg]
[images.squarespace-cdn.com/content/v1/62f2a61a63fd070566a92dd6/044fa33d-9489-4069-8125-8f45ba135024/MaskUp-Logo-Cover.jpg]
[images.squarespace-cdn.com/content/v1/62f2a61a63fd070566a92dd6/2e6b8081-8dc7-4b49-acbf-3de52056e8da/MaskUp-Logo-Cover.jpg]
[images.squarespace-cdn.com/content/v1/62f2a61a63fd070566a92dd6/70c5fd4c-1a06-4647-892b-1fcc14515edb/MaskUp-Logo-OneColor-v2.jpg]
[images.squarespace-cdn.com/content/v1/62f2a61a63fd070566a92dd6/6fd1636a-2128-4473-a07d-b769a698bc0e/MaskUp-Logo-OneColor.jpg]
[images.squarespace-cdn.com/content/v1/62f2a61a63fd070566a92dd6/ec75fb49-033b-4382-b9d7-34f6518e8bd9/MaskUp-Photo-Guide.jpg]
[images.squarespace-cdn.com/content/v1/62f2a61a63fd070566a92dd6/5f97cae0-e217-46ba-918a-a02e98c46dfd/MaskUp-InfoSheet-2-805x1024.jpg]
[images.squarespace-cdn.com/content/v1/62f2a61a63fd070566a92dd6/beebb246-cbcd-4f1f-b920-3569ceaf12ef/MaskUp-InfoSheet-1-805x1024.jpg]
[images.squarespace-cdn.com/content/v1/62f2a61a63fd070566a92dd6/94c95b13-1deb-4f47-ba4f-add2abc655c3/MaskUp-Social-Fact-Square-1024x1024.jpg]
[images.squarespace-cdn.com/content/v1/62f2a61a63fd070566a92dd6/693fe33e-b27c-4126-a382-f6bbf7ec8e45/MaskUp-Testimonial-Square-BenLayman-1024x1024.jpg]
[images.squarespace-cdn.com/content/v1/62f2a61a63fd070566a92dd6/eca3228a-cd0b-4d35-9bbe-c93ca2036b37/MaskUp-Testimonial-Square-PattyHamilton-1024x1024.jpg]
[www.archxilla.com/portfolio/mask-up.html]
[images.squarespace-cdn.com/content/62f2a61a63fd070566a92dd6/1661806883913-E9Z1S0UX05L52XNPOFS9/BSO-MWIV-Instagram-v1ee8a.jpg]
[images.squarespace-cdn.com/content/v1/62f2a61a63fd070566a92dd6/0602d354-f060-4e5e-b511-dfb68a1029fb/BSO-MWIV-Instagram-v1.jpg]
[images.squarespace-cdn.com/content/v1/62f2a61a63fd070566a92dd6/b80f3e2b-6640-41c5-bfac-50cf6a2fcbd5/BSO-Ad-MWII-BDN-v1.jpg]
[images.squarespace-cdn.com/content/v1/62f2a61a63fd070566a92dd6/09bde7d9-80e7-4231-b6d5-a954a4bdb343/BSO-Ad-MWIII-BDN-3421-v3.jpg]
[images.squarespace-cdn.com/content/v1/62f2a61a63fd070566a92dd6/36c64049-dac5-4308-be5c-5d7dd5247760/BSO-Ad-PopsBowie-BDN-v2.jpg]
[images.squarespace-cdn.com/content/v1/62f2a61a63fd070566a92dd6/87cb9a81-19e8-4833-b0e4-c43f2c4a3515/BSO-MWIV-Instagram-v1.jpg]
[images.squarespace-cdn.com/content/v1/62f2a61a63fd070566a92dd6/dd2090b0-1c87-4c39-b13d-ac684d53a6e1/BSO-Digital.jpg]
[www.archxilla.com/portfolio/bso.html]
[images.squarespace-cdn.com/content/62f2a61a63fd070566a92dd6/1661809934994-GRR5PVKDCHOCS5QEUYUN/DTB-0143a3.jpg]
[images.squarespace-cdn.com/content/v1/62f2a61a63fd070566a92dd6/c681a8db-8e2e-452b-9491-f81dd90391d4/DTB-01.jpg]
[images.squarespace-cdn.com/content/v1/62f2a61a63fd070566a92dd6/1855e240-86c4-4ac6-add4-63828a8a833c/DTB-Tremor-02.jpg]
[images.squarespace-cdn.com/content/v1/62f2a61a63fd070566a92dd6/795d317b-a0c9-425a-816f-345044183ae2/DTB-Tremor-01.jpg]
[images.squarespace-cdn.com/content/v1/62f2a61a63fd070566a92dd6/245df694-a3d3-4604-8fda-2d6a2b846557/DTB-09.png]
[images.squarespace-cdn.com/content/v1/62f2a61a63fd070566a92dd6/2d242c35-52d0-4216-b06c-d3af0be1f5de/DTB-04.png]
[images.squarespace-cdn.com/content/v1/62f2a61a63fd070566a92dd6/014fd065-8f7e-41f5-92ef-2fe2cf98e7e6/DTB-13.png]
[images.squarespace-cdn.com/content/v1/62f2a61a63fd070566a92dd6/4e32e648-7da8-4e6d-9133-50d78985d53a/DTB-08.png]
[images.squarespace-cdn.com/content/v1/62f2a61a63fd070566a92dd6/2769cd3d-be60-4202-8df9-33e7d05f449b/DTB-05.jpg]
[images.squarespace-cdn.com/content/v1/62f2a61a63fd070566a92dd6/79c4176c-b8ca-43d9-8d4f-2ad0295e72ee/DTB-14.png]
[images.squarespace-cdn.com/content/v1/62f2a61a63fd070566a92dd6/9821784c-56e5-4a1a-b0b0-282702bd2af2/Insta-Story-04.png]
[images.squarespace-cdn.com/content/v1/62f2a61a63fd070566a92dd6/f2689a99-87b6-4468-b533-c769e8eadd99/Insta-Story-05.png]
[images.squarespace-cdn.com/content/v1/62f2a61a63fd070566a92dd6/1b99b0b1-298e-4708-b388-67eb227e4382/Instagram-Story-01.png]
[www.archxilla.com/portfolio/dtb.html]
[definitions.sqspcdn.com/website-component-definition/static-assets/website.components.summary/cce31568-83b0-4371-af79-b8b4747e38bd_522/website.components.summary.styles.css]
[images.squarespace-cdn.com/content/62f2a61a63fd070566a92dd6/1718235426406-NJ1CUL0DJK98O1J7H3M9/Header-BeanieBabies5d45.png]
[www.archxilla.com/insights-and-observations/a-beanie-baby-birthday.html]
[www.archxilla.com/insights-and-observations9f0a.html]
[images.squarespace-cdn.com/content/62f2a61a63fd070566a92dd6/1705377200942-GOGBR6BU8FB859M9DRTO/Header-Furby2023ee8a.jpg]
[www.archxilla.com/insights-and-observations/25-years-furby.html]
[images.squarespace-cdn.com/content/62f2a61a63fd070566a92dd6/1669175528485-AI2BGN2UE50UZC3JTPI6/Header-MonsterHighee8a.jpg]
[www.archxilla.com/insights-and-observations/mattel-monster-high-2022.html]
[images.squarespace-cdn.com/content/62f2a61a63fd070566a92dd6/1665689105490-CZ4CF4DYOOOBBGVCW01M/Header-DnDYahtzeeee8a.jpg]
[www.archxilla.com/insights-and-observations/dnd-yahtzee.html]
[images.squarespace-cdn.com/content/v1/62f2a61a63fd070566a92dd6/1665689105490-CZ4CF4DYOOOBBGVCW01M/Header-DnDYahtzee.jpg]
[www.archxilla.com/dtb.html]
[images.squarespace-cdn.com/content/62f2a61a63fd070566a92dd6/1663119384053-BMJVQU5TC153UMZTAOY9/Header-2000sTCGsee8a.jpg]
[www.archxilla.com/insights-and-observations/unusual-2000s-tcgs.html]
[images.squarespace-cdn.com/content/v1/62f2a61a63fd070566a92dd6/1663119384053-BMJVQU5TC153UMZTAOY9/Header-2000sTCGs.jpg]
[images.squarespace-cdn.com/content/62f2a61a63fd070566a92dd6/1663116742159-TANIUD1S73NFADY39VZJ/Header-Lorcana-02ee8a.jpg]
[images.squarespace-cdn.com/content/v1/62f2a61a63fd070566a92dd6/1663116206671-M7250K3OSBVRH9A9H5F4/Header-Lorcana-02.jpg]
[www.archxilla.com/insights-and-observations/disney-magic-enters-the-tcg-space.html]
[www.archxilla.com/portfolio/portcon-plus7b85.html]
[www.archxilla.com/portfolio/portcon-plus89c5.html]
[www.archxilla.com/portfolio/portcon-plus82c1.html]
[definitions.sqspcdn.com/website-component-definition/static-assets/website.components.video/f4fab1b5-9724-4478-be19-b08d36e66cf2_549/website.components.video.styles.css]
[www.archxilla.com/portfolio/_/cdn.embedly.com/widgets/mediaf12a.html]
[www.archxilla.com/insights-and-observations9f0a.html]
